// Jest Snapshot v1, https://goo.gl/fbAQLP

exports[`Given a LoginForm component function When invoked Then it should render correctly a form with 2 inputs and 1 buttons 1`] = `
<div
  className="sc-bczRLJ ewRgZw login-page"
>
  <form
    className="login-form"
    noValidate={true}
    onSubmit={[Function]}
  >
    <div
      className="login-form__wrapper"
    >
      <label
        className="login-form__label"
        htmlFor="username"
      >
        Username
      </label>
      <div
        className="input-wrapper"
      >
        <input
          autoComplete="off"
          className="login-form__input"
          id="username"
          onChange={[Function]}
          required={true}
          type="username"
          value=""
        />
      </div>
    </div>
    <div
      className="login-form__wrapper"
    >
      <label
        className="login-form__label"
        htmlFor="password"
      >
        Password
      </label>
      <div>
        <input
          autoComplete="off"
          className="login-form__input"
          id="password"
          onChange={[Function]}
          required={true}
          type="password"
          value=""
        />
      </div>
    </div>
    <button
      className="login-form__button"
      type="submit"
    >
      Log In
    </button>
  </form>
  <div
    className="login-form__text"
  >
    <span>
      Don't have an account?
    </span>
  </div>
  <div>
    <a
      href="/register"
      onClick={[Function]}
    >
      Register
    </a>
  </div>
</div>
`;
